[[1;34mINFO[m] Scanning for projects...
[[1;34mINFO[m] 
[[1;34mINFO[m] [1m--------------------< [0;36mcom.aoe4Forum:aoe4Forum-web[0;1m >---------------------[m
[[1;34mINFO[m] [1mBuilding aoe4Forum-web 1.0[m
[[1;34mINFO[m] [1m--------------------------------[ jar ]---------------------------------[m
[[1;34mINFO[m] 
[[1;34mINFO[m] [1m>>> [0;32mspring-boot-maven-plugin:2.2.6.RELEASE:run[m [1m(default-cli)[0;1m > [0;1mtest-compile[m @ [36maoe4Forum-web[0;1m >>>[m
[[1;34mINFO[m] 
[[1;34mINFO[m] [1m--- [0;32mmaven-resources-plugin:3.2.0:resources[m [1m(default-resources)[m @ [36maoe4Forum-web[0;1m ---[m
[[1;34mINFO[m] Using 'UTF-8' encoding to copy filtered resources.
[[1;34mINFO[m] Using 'UTF-8' encoding to copy filtered properties files.
[[1;34mINFO[m] Copying 1 resource
[[1;34mINFO[m] Copying 1 resource
[[1;34mINFO[m] 
[[1;34mINFO[m] [1m--- [0;32mmaven-compiler-plugin:3.10.1:compile[m [1m(default-compile)[m @ [36maoe4Forum-web[0;1m ---[m
[[1;34mINFO[m] Nothing to compile - all classes are up to date
[[1;34mINFO[m] 
[[1;34mINFO[m] [1m--- [0;32mmaven-resources-plugin:3.2.0:testResources[m [1m(default-testResources)[m @ [36maoe4Forum-web[0;1m ---[m
[[1;34mINFO[m] Using 'UTF-8' encoding to copy filtered resources.
[[1;34mINFO[m] Using 'UTF-8' encoding to copy filtered properties files.
[[1;34mINFO[m] skip non existing resourceDirectory /root/aoe4Forum/aoe4Forum/aoe4Forum-web/src/test/resources
[[1;34mINFO[m] 
[[1;34mINFO[m] [1m--- [0;32mmaven-compiler-plugin:3.10.1:testCompile[m [1m(default-testCompile)[m @ [36maoe4Forum-web[0;1m ---[m
[[1;34mINFO[m] Changes detected - recompiling the module!
[[1;34mINFO[m] Compiling 14 source files to /root/aoe4Forum/aoe4Forum/aoe4Forum-web/target/test-classes
[[1;34mINFO[m] 
[[1;34mINFO[m] [1m<<< [0;32mspring-boot-maven-plugin:2.2.6.RELEASE:run[m [1m(default-cli)[0;1m < [0;1mtest-compile[m @ [36maoe4Forum-web[0;1m <<<[m
[[1;34mINFO[m] 
[[1;34mINFO[m] 
[[1;34mINFO[m] [1m--- [0;32mspring-boot-maven-plugin:2.2.6.RELEASE:run[m [1m(default-cli)[m @ [36maoe4Forum-web[0;1m ---[m
[[1;34mINFO[m] Attaching agents: []

  .   ____          _            __ _ _
 /\\ / ___'_ __ _ _(_)_ __  __ _ \ \ \ \
( ( )\___ | '_ | '_| | '_ \/ _` | \ \ \ \
 \\/  ___)| |_)| | | | | || (_| |  ) ) ) )
  '  |____| .__|_| |_|_| |_\__, | / / / /
 =========|_|==============|___/=/_/_/_/
 :: Spring Boot ::               (v2.7.18)

2025-08-14 07:02:20.073  INFO 60502 --- [           main] c.a.web.aoe4ForumWebRunApplication       : Starting aoe4ForumWebRunApplication using Java 1.8.0_462 on iv-ye2dh4d1c0cva4gcbucl with PID 60502 (/root/aoe4Forum/aoe4Forum/aoe4Forum-web/target/classes started by root in /root/aoe4Forum/aoe4Forum/aoe4Forum-web)
2025-08-14 07:02:20.075  INFO 60502 --- [           main] c.a.web.aoe4ForumWebRunApplication       : No active profile set, falling back to 1 default profile: "default"
2025-08-14 07:02:20.722  INFO 60502 --- [           main] .s.d.r.c.RepositoryConfigurationDelegate : Multiple Spring Data modules found, entering strict repository configuration mode
2025-08-14 07:02:20.724  INFO 60502 --- [           main] .s.d.r.c.RepositoryConfigurationDelegate : Bootstrapping Spring Data Redis repositories in DEFAULT mode.
2025-08-14 07:02:20.737  INFO 60502 --- [           main] .s.d.r.c.RepositoryConfigurationDelegate : Finished Spring Data repository scanning in 4 ms. Found 0 Redis repository interfaces.
2025-08-14 07:02:21.150  INFO 60502 --- [           main] o.s.b.w.embedded.tomcat.TomcatWebServer  : Tomcat initialized with port(s): 7071 (http)
2025-08-14 07:02:21.156  INFO 60502 --- [           main] o.apache.catalina.core.StandardService   : Starting service [Tomcat]
2025-08-14 07:02:21.156  INFO 60502 --- [           main] org.apache.catalina.core.StandardEngine  : Starting Servlet engine: [Apache Tomcat/9.0.83]
2025-08-14 07:02:21.209  INFO 60502 --- [           main] o.a.c.c.C.[Tomcat].[localhost].[/]       : Initializing Spring embedded WebApplicationContext
2025-08-14 07:02:21.209  INFO 60502 --- [           main] w.s.c.ServletWebServerApplicationContext : Root WebApplicationContext: initialization completed in 1087 ms
es加载成功
2025-08-14 07:02:22.002  INFO 60502 --- [           main] com.zaxxer.hikari.HikariDataSource       : HikariCPDatasource - Starting...
2025-08-14 07:02:22.090  INFO 60502 --- [           main] com.zaxxer.hikari.HikariDataSource       : HikariCPDatasource - Start completed.
✅ 布隆过滤器初始化加载完成
2025-08-14 07:02:22.158  INFO 60502 --- [           main] f.a.AutowiredAnnotationBeanPostProcessor : Autowired annotation is not supported on static fields: private static java.lang.String com.aoe4Forum.utils.JwtTokenUtil.secretKey
2025-08-14 07:02:22.160  INFO 60502 --- [           main] c.a.service.impl.PostHotServiceImpl      : 🚀 Spring Boot 启动完成，正在初始化热帖榜...
2025-08-14 07:02:22.394  WARN 60502 --- [           main] .s.s.UserDetailsServiceAutoConfiguration : 

Using generated security password: 25d12f86-38bb-44f2-91ab-6c057225cf13

This generated password is for development use only. Your security configuration must be updated before running your application in production.

2025-08-14 07:02:22.468  INFO 60502 --- [           main] o.s.s.web.DefaultSecurityFilterChain     : Will secure any request with [org.springframework.security.web.session.DisableEncodeUrlFilter@241fc278, org.springframework.security.web.context.request.async.WebAsyncManagerIntegrationFilter@5c76fce4, org.springframework.security.web.context.SecurityContextPersistenceFilter@1d3d76b4, org.springframework.security.web.header.HeaderWriterFilter@44b9c7c4, org.springframework.web.filter.CorsFilter@5aab5b31, org.springframework.security.web.authentication.logout.LogoutFilter@406ad6d5, org.springframework.security.web.savedrequest.RequestCacheAwareFilter@15d88c10, org.springframework.security.web.servletapi.SecurityContextHolderAwareRequestFilter@54b44879, org.springframework.security.web.authentication.AnonymousAuthenticationFilter@5408d4b3, org.springframework.security.web.session.SessionManagementFilter@274bae2c, org.springframework.security.web.access.ExceptionTranslationFilter@1a10c47e, org.springframework.security.web.access.intercept.FilterSecurityInterceptor@4ad896f7]
2025-08-14 07:02:23.072  INFO 60502 --- [           main] o.s.b.w.embedded.tomcat.TomcatWebServer  : Tomcat started on port(s): 7071 (http) with context path ''
2025-08-14 07:02:23.074  INFO 60502 --- [           main] o.s.a.r.c.CachingConnectionFactory       : Attempting to connect to: [127.0.0.1:5672]
2025-08-14 07:02:23.094  INFO 60502 --- [           main] o.s.a.r.c.CachingConnectionFactory       : Created new connection: rabbitConnectionFactory#64aeaf29:0/SimpleConnection@6c1f15df [delegate=amqp://guest@127.0.0.1:5672/, localPort= 46522]
2025-08-14 07:02:23.142  INFO 60502 --- [           main] c.a.web.aoe4ForumWebRunApplication       : Started aoe4ForumWebRunApplication in 3.356 seconds (JVM running for 3.585)
2025-08-14 07:03:33.337  INFO 60502 --- [nio-7071-exec-1] o.a.c.c.C.[Tomcat].[localhost].[/]       : Initializing Spring DispatcherServlet 'dispatcherServlet'
2025-08-14 07:03:33.337  INFO 60502 --- [nio-7071-exec-1] o.s.web.servlet.DispatcherServlet        : Initializing Servlet 'dispatcherServlet'
2025-08-14 07:03:33.338  INFO 60502 --- [nio-7071-exec-1] o.s.web.servlet.DispatcherServlet        : Completed initialization in 1 ms
2025-08-14 10:34:58.846 DEBUG 60502 --- [nio-7071-exec-1] o.s.web.cors.DefaultCorsProcessor        : Reject: 'http://www.aoe4forum.cn' origin is not allowed
2025-08-14 10:34:58.846 DEBUG 60502 --- [nio-7071-exec-2] o.s.web.cors.DefaultCorsProcessor        : Reject: 'http://www.aoe4forum.cn' origin is not allowed
2025-08-14 10:40:44.855 DEBUG 60502 --- [nio-7071-exec-8] o.s.web.cors.DefaultCorsProcessor        : Reject: 'http://www.aoe4forum.cn' origin is not allowed
2025-08-14 10:40:44.856 DEBUG 60502 --- [nio-7071-exec-9] o.s.web.cors.DefaultCorsProcessor        : Reject: 'http://www.aoe4forum.cn' origin is not allowed
2025-08-14 11:54:52.500  INFO 60502 --- [nio-7071-exec-7] o.apache.coyote.http11.Http11Processor   : Error parsing HTTP request header
 Note: further occurrences of HTTP request parsing errors will be logged at DEBUG level.

java.lang.IllegalArgumentException: Invalid character found in method name [0x160x030x010x000xee0x010x000x000xea0x030x030xae0x070x0b{+50x840x1e0x08,0xd60xbd0xb40xfay]*z0xb10xb20xae0xc80x08dQ0xfb0xe4s~n0x94& ]. HTTP method names must be tokens
	at org.apache.coyote.http11.Http11InputBuffer.parseRequestLine(Http11InputBuffer.java:407) ~[tomcat-embed-core-9.0.83.jar:9.0.83]
	at org.apache.coyote.http11.Http11Processor.service(Http11Processor.java:263) ~[tomcat-embed-core-9.0.83.jar:9.0.83]
	at org.apache.coyote.AbstractProcessorLight.process(AbstractProcessorLight.java:63) [tomcat-embed-core-9.0.83.jar:9.0.83]
	at org.apache.coyote.AbstractProtocol$ConnectionHandler.process(AbstractProtocol.java:928) [tomcat-embed-core-9.0.83.jar:9.0.83]
	at org.apache.tomcat.util.net.NioEndpoint$SocketProcessor.doRun(NioEndpoint.java:1794) [tomcat-embed-core-9.0.83.jar:9.0.83]
	at org.apache.tomcat.util.net.SocketProcessorBase.run(SocketProcessorBase.java:52) [tomcat-embed-core-9.0.83.jar:9.0.83]
	at org.apache.tomcat.util.threads.ThreadPoolExecutor.runWorker(ThreadPoolExecutor.java:1191) [tomcat-embed-core-9.0.83.jar:9.0.83]
	at org.apache.tomcat.util.threads.ThreadPoolExecutor$Worker.run(ThreadPoolExecutor.java:659) [tomcat-embed-core-9.0.83.jar:9.0.83]
	at org.apache.tomcat.util.threads.TaskThread$WrappingRunnable.run(TaskThread.java:61) [tomcat-embed-core-9.0.83.jar:9.0.83]
	at java.lang.Thread.run(Thread.java:750) [na:1.8.0_462]

2025-08-23 10:39:11.509  INFO 60502 --- [nio-7071-exec-1] o.apache.coyote.http11.Http11Processor   : Error parsing HTTP request header
 Note: further occurrences of HTTP request parsing errors will be logged at DEBUG level.

java.lang.IllegalArgumentException: Invalid character found in method name [0x160x030x030x010xa70x010x000x010xa30x030x030x0aFkv0x1c>L0xf40xf7.80x110xa0~0x100xfa0x8c\}=0x940xda0xfd0x820xc4C:0xaa0xdb0xdc0xdc0x93 ]. HTTP method names must be tokens
	at org.apache.coyote.http11.Http11InputBuffer.parseRequestLine(Http11InputBuffer.java:407) ~[tomcat-embed-core-9.0.83.jar:9.0.83]
	at org.apache.coyote.http11.Http11Processor.service(Http11Processor.java:263) ~[tomcat-embed-core-9.0.83.jar:9.0.83]
	at org.apache.coyote.AbstractProcessorLight.process(AbstractProcessorLight.java:63) [tomcat-embed-core-9.0.83.jar:9.0.83]
	at org.apache.coyote.AbstractProtocol$ConnectionHandler.process(AbstractProtocol.java:928) [tomcat-embed-core-9.0.83.jar:9.0.83]
	at org.apache.tomcat.util.net.NioEndpoint$SocketProcessor.doRun(NioEndpoint.java:1794) [tomcat-embed-core-9.0.83.jar:9.0.83]
	at org.apache.tomcat.util.net.SocketProcessorBase.run(SocketProcessorBase.java:52) [tomcat-embed-core-9.0.83.jar:9.0.83]
	at org.apache.tomcat.util.threads.ThreadPoolExecutor.runWorker(ThreadPoolExecutor.java:1191) [tomcat-embed-core-9.0.83.jar:9.0.83]
	at org.apache.tomcat.util.threads.ThreadPoolExecutor$Worker.run(ThreadPoolExecutor.java:659) [tomcat-embed-core-9.0.83.jar:9.0.83]
	at org.apache.tomcat.util.threads.TaskThread$WrappingRunnable.run(TaskThread.java:61) [tomcat-embed-core-9.0.83.jar:9.0.83]
	at java.lang.Thread.run(Thread.java:750) [na:1.8.0_462]

